app/(admin)/admin/events/create/page.tsx(28,19): error TS2322: Type '(prevState: any, formData: FormData) => Promise<{ message: string; }>' is not assignable to type 'string | ((formData: FormData) => void | Promise<void>) | undefined'.
  Type '(prevState: any, formData: FormData) => Promise<{ message: string; }>' is not assignable to type '(formData: FormData) => void | Promise<void>'.
    Target signature provides too few arguments. Expected 2 or more, but got 1.
